
FAILURE: Build failed with an exception.

* What went wrong:
A problem occurred configuring project ':android'.
> Could not resolve all artifacts for configuration 'classpath'.
   > Could not resolve com.android.tools.build:gradle:8.9.3.
     Required by:
         buildscript of project ':android'
      > Could not resolve com.android.tools.build:gradle:8.9.3.
         > Could not get resource 'https://dl.google.com/dl/android/maven2/com/android/tools/build/gradle/8.9.3/gradle-8.9.3.pom'.
            > Could not GET 'https://dl.google.com/dl/android/maven2/com/android/tools/build/gradle/8.9.3/gradle-8.9.3.pom'.
               > dl.google.com: No address associated with hostname

* Try:
> Run with --stacktrace option to get the stack trace.
> Run with --info or --debug option to get more log output.
> Run with --scan to get full insights from a Build Scan (powered by Develocity).
> Get more help at https://help.gradle.org.

BUILD FAILED in 7s
